// Jest Snapshot v1, https://goo.gl/fbAQLP

exports[`Pruebas en <LoginScreen /> debe mostrarse correctamente 1`] = `
<div
  className="mt-5 container"
>
  <div
    className="row"
  >
    <div
      className="col-lg-12"
    >
      <h1
        style={
          Object {
            "color": "white",
          }
        }
      >
        LoginScreen
      </h1>
      <pre
        style={
          Object {
            "color": "white",
          }
        }
      >
        {
   "logged": false
}
      </pre>
      <hr />
    </div>
    <div
      className="col-lg-2 col-md-4 col-4"
    >
      <button
        className="btn btn-primary btn-block btn-lg"
        disabled={false}
        onClick={[Function]}
        type="button"
      >
        Login
      </button>
    </div>
  </div>
</div>
`;
